../Core/Src/main.c:82:5:main	8	static
../Core/Src/main.c:141:6:SystemClock_Config	88	static
../Core/Src/main.c:188:13:MX_ADC1_Init	56	static
../Core/Src/main.c:256:13:MX_LPUART1_UART_Init	8	static
../Core/Src/main.c:303:13:MX_TIM1_Init	120	static
../Core/Src/main.c:385:13:MX_TIM3_Init	56	static
../Core/Src/main.c:432:13:MX_DMA_Init	16	static
../Core/Src/main.c:451:13:MX_GPIO_Init	48	static
../Core/Src/main.c:488:6:MotorControl	4	static
../Core/Src/main.c:493:6:MotorPWM	8	static
../Core/Src/main.c:508:6:Error_Handler	4	static,ignoring_inline_asm
