../Core/Src/main.c:82:5:main	8	static
../Core/Src/main.c:144:6:SystemClock_Config	88	static
../Core/Src/main.c:191:13:MX_ADC1_Init	56	static
../Core/Src/main.c:259:13:MX_LPUART1_UART_Init	8	static
../Core/Src/main.c:306:13:MX_TIM1_Init	120	static
../Core/Src/main.c:388:13:MX_TIM3_Init	56	static
../Core/Src/main.c:435:13:MX_DMA_Init	16	static
../Core/Src/main.c:454:13:MX_GPIO_Init	48	static
../Core/Src/main.c:491:6:MotorControl	24	static
../Core/Src/main.c:509:6:Error_Handler	4	static,ignoring_inline_asm
